09-Nov-2018 11:57:18 CET  Initiating request to open file file:/eos/cms/store/hidata/HIRun2018A/HIMinimumBias0/RAW/v1/000/326/381/00000/043A31C6-790D-B448-BAA6-E1ABB20602F2.root
09-Nov-2018 11:57:19 CET  Successfully opened file file:/eos/cms/store/hidata/HIRun2018A/HIMinimumBias0/RAW/v1/000/326/381/00000/043A31C6-790D-B448-BAA6-E1ABB20602F2.root
Begin processing the 1st record. Run 326381, Event 1705276, LumiSection 35 on stream 0 at 09-Nov-2018 11:57:23.333 CET
Number of timeslices: 10
